Microchip MPLAB XC8 Compiler V1.33 ()

Linker command line:

--edf=C:\Program Files\Microchip\xc8\v1.33\dat\en_msgs.txt -cs \
  -h+dist/default/production\Remote_Test_Final_3-PANASONIC-CODES.production.sym \
  --cmf=dist/default/production\Remote_Test_Final_3-PANASONIC-CODES.production.cmf \
  -z -Q12F683 -oC:\Users\PEETM2~1\AppData\Local\Temp\s3oc.6 \
  -Mdist/default/production/Remote_Test_Final_3-PANASONIC-CODES.production.map \
  -E1 -ver=XC8 -ASTACK=0A0h-0bfh -pstack=STACK -ACONST=00h-0FFhx8 \
  -ACODE=00h-07FFh -ASTRCODE=00h-07FFh -AENTRY=00h-0FFhx8 \
  -ASTRING=00h-0FFhx8 -ACOMMON=070h-07Fh -ABANK0=020h-06Fh \
  -ABANK1=0A0h-0BFh -ARAM=020h-06Fh,0A0h-0BFh -AABS1=020h-07Fh,0A0h-0BFh \
  -ASFR0=00h-01Fh -ASFR1=080h-09Fh -preset_vec=00h,intentry,init,end_init \
  -ppowerup=CODE -pcinit=CODE -pfunctab=CODE -ACONFIG=02007h-02007h \
  -pconfig=CONFIG -DCONFIG=2 -AIDLOC=02000h-02003h -pidloc=IDLOC -DIDLOC=2 \
  -AEEDATA=00h-0FFh/02100h -peeprom_data=EEDATA -DEEDATA=2 -DCODE=2 \
  -DSTRCODE=2 -DSTRING=2 -DCONST=2 -DENTRY=2 -k \
  C:\Users\PEETM2~1\AppData\Local\Temp\s3oc.obj \
  dist/default/production\Remote_Test_Final_3-PANASONIC-CODES.production.obj 

Object code version is 3.11

Machine type is 12F683



                Name                               Link     Load   Length Selector   Space Scale
C:\Users\PEETM2~1\AppData\Local\Temp\s3oc.obj
                end_init                              0        0        1        0       0
                config                             2007     2007        1     400E       0
dist/default/production\Remote_Test_Final_3-PANASONIC-CODES.production.obj
                cinit                               7FA      7FA        6      FF4       0
                text7                               119      119       1F      232       0
                text6                               138      138       22      270       0
                text5                                FC       FC       1D      1F8       0
                text4                               372      372      1EA      6E4       0
                text3                               15A      15A       55      2B4       0
                text2                                F0       F0        C      1E0       0
                text1                               1AF      1AF      1C3      35E       0
                maintext                            55C      55C      29E      AB8       0
                cstackBANK0                          20       20       37       20       1
                cstackCOMMON                         70       70        C       70       1
                bssBANK0                             57       57        2       20       1
                bssCOMMON                            7C       7C        2       70       1

TOTAL           Name                               Link     Load   Length     Space
        CLASS   STACK          

        CLASS   CONST          

        CLASS   CODE           
                end_init                              0        0        1         0
                cinit                               7FA      7FA        6         0
                text7                               119      119       1F         0
                text6                               138      138       22         0
                text5                                FC       FC       1D         0
                text4                               372      372      1EA         0
                text3                               15A      15A       55         0
                text2                                F0       F0        C         0
                text1                               1AF      1AF      1C3         0
                maintext                            55C      55C      29E         0

        CLASS   STRCODE        

        CLASS   ENTRY          

        CLASS   STRING         

        CLASS   COMMON         
                cstackCOMMON                         70       70        C         1
                bssCOMMON                            7C       7C        2         1

        CLASS   BANK0          
                cstackBANK0                          20       20       37         1
                bssBANK0                             57       57        2         1

        CLASS   BANK1          

        CLASS   RAM            

        CLASS   ABS1           
                abs_s1                               7E       7E        2         1

        CLASS   SFR0           

        CLASS   SFR1           

        CLASS   CONFIG         
                config                             2007     2007        1         0

        CLASS   IDLOC          

        CLASS   EEDATA         



SEGMENTS        Name                           Load    Length   Top    Selector   Space  Class     Delta

                reset_vec                      000000  000001  000001         0       0  CODE        2
                cstackBANK0                    000020  000039  000059        20       1  BANK0       1
                cstackCOMMON                   000070  00000E  00007E        70       1  COMMON      1
                text2                          0000F0  00000C  0000FC       1E0       0  CODE        2
                text5                          0000FC  00001D  000119       1F8       0  CODE        2
                text7                          000119  00001F  000138       232       0  CODE        2
                text6                          000138  000022  00015A       270       0  CODE        2
                text3                          00015A  000055  0001AF       2B4       0  CODE        2
                text1                          0001AF  0001C3  000372       35E       0  CODE        2
                text4                          000372  0001EA  00055C       6E4       0  CODE        2
                maintext                       00055C  00029E  0007FA       AB8       0  CODE        2
                cinit                          0007FA  000006  000800       FF4       0  CODE        2
                config                         002007  000001  002008      400E       0  CONFIG      2


UNUSED ADDRESS RANGES

        Name                Unused          Largest block    Delta
        BANK0            0059-006F             17           1
        BANK1            00A0-00BF             20           1
        CODE             0001-00EF             EF           2
        CONST            0001-00EF             EF           2
        EEDATA           2100-21FF            100           2
        ENTRY            0001-00EF             EF           2
        IDLOC            2000-2003              4           2
        RAM              0059-006F             17           1
                         00A0-00BF             20
        SFR0             0000-001F             20           1
        SFR1             0080-009F             20           1
        STACK            00A0-00BF             20           1
        STRCODE          0001-00EF             EF           2
        STRING           0001-00EF             EF           2

                                  Symbol Table

_ANSEL                      (abs)        009F
_CMCON0                     (abs)        0019
_GP0                        (abs)        0028
_GP1                        (abs)        0029
_GP2                        (abs)        002A
_GP3                        (abs)        002B
_GP4                        (abs)        002C
_GP5                        (abs)        002D
_GPIO                       (abs)        0005
_OPTION_REG                 (abs)        0081
_TRISIO                     (abs)        0085
__CFG_BOREN$OFF             (abs)        0000
__CFG_CP$OFF                (abs)        0000
__CFG_CPD$OFF               (abs)        0000
__CFG_FCMEN$OFF             (abs)        0000
__CFG_FOSC$INTOSCIO         (abs)        0000
__CFG_IESO$OFF              (abs)        0000
__CFG_MCLRE$OFF             (abs)        0000
__CFG_PWRTE$ON              (abs)        0000
__CFG_WDTE$OFF              (abs)        0000
__Habs1                     abs1         0000
__Hbank0                    bank0        0000
__Hbank1                    bank1        0000
__HbssBANK0                 bssBANK0     0000
__HbssCOMMON                bssCOMMON    0000
__Hcinit                    cinit        0800
__Hclrtext                  clrtext      0000
__Hcode                     code         0000
__Hcommon                   common       0000
__Hconfig                   config       2008
__HcstackBANK0              cstackBANK0  0000
__HcstackCOMMON             cstackCOMMON 0000
__Heeprom_data              eeprom_data  0000
__Hend_init                 end_init     0001
__Hfunctab                  functab      0000
__Hidloc                    idloc        0000
__Hinit                     init         0000
__Hintentry                 intentry     0000
__Hmaintext                 maintext     0000
__Hpowerup                  powerup      0000
__Hram                      ram          0000
__Hreset_vec                reset_vec    0000
__Hsfr0                     sfr0         0000
__Hsfr1                     sfr1         0000
__Hspace_0                  (abs)        2008
__Hspace_1                  (abs)        007E
__Hspace_2                  (abs)        0000
__Hspace_3                  (abs)        0000
__Hstack                    stack        0000
__Hstrings                  strings      0000
__Htext                     text         0000
__Labs1                     abs1         0000
__Lbank0                    bank0        0000
__Lbank1                    bank1        0000
__LbssBANK0                 bssBANK0     0000
__LbssCOMMON                bssCOMMON    0000
__Lcinit                    cinit        07FA
__Lclrtext                  clrtext      0000
__Lcode                     code         0000
__Lcommon                   common       0000
__Lconfig                   config       2007
__LcstackBANK0              cstackBANK0  0000
__LcstackCOMMON             cstackCOMMON 0000
__Leeprom_data              eeprom_data  0000
__Lend_init                 end_init     0000
__Lfunctab                  functab      0000
__Lidloc                    idloc        0000
__Linit                     init         0000
__Lintentry                 intentry     0000
__Lmaintext                 maintext     0000
__Lpowerup                  powerup      0000
__Lram                      ram          0000
__Lreset_vec                reset_vec    0000
__Lsfr0                     sfr0         0000
__Lsfr1                     sfr1         0000
__Lspace_0                  (abs)        0000
__Lspace_1                  (abs)        0000
__Lspace_2                  (abs)        0000
__Lspace_3                  (abs)        0000
__Lstack                    stack        0000
__Lstrings                  strings      0000
__Ltext                     text         0000
__S0                        (abs)        2008
__S1                        (abs)        007E
__S2                        (abs)        0000
__S3                        (abs)        0000
___int_sp                   stack        0000
___latbits                  (abs)        0000
___sp                       stack        0000
__end_of__initialization    cinit        07FE
__end_of_derp               text3        01AF
__end_of_initPorts          text2        00FC
__end_of_main               maintext     07FA
__end_of_panasonic          text1        0372
__end_of_pingNEC            text7        0138
__end_of_pingRC5            text6        015A
__end_of_pingSony           text5        0119
__end_of_send               text4        055C
__initialization            cinit        07FA
__pbssBANK0                 bssBANK0     0057
__pbssCOMMON                bssCOMMON    007C
__pcstackBANK0              cstackBANK0  0020
__pcstackCOMMON             cstackCOMMON 0070
__pmaintext                 maintext     055C
__ptext0                    text0        0000
__ptext1                    text1        01AF
__ptext2                    text2        00F0
__ptext3                    text3        015A
__ptext4                    text4        0372
__ptext5                    text5        00FC
__ptext6                    text6        0138
__ptext7                    text7        0119
__size_of_derp              (abs)        0000
__size_of_initPorts         (abs)        0000
__size_of_main              (abs)        0000
__size_of_panasonic         (abs)        0000
__size_of_pingNEC           (abs)        0000
__size_of_pingRC5           (abs)        0000
__size_of_pingSony          (abs)        0000
__size_of_send              (abs)        0000
_cTemp                      bssCOMMON    007C
_counter                    bssCOMMON    007D
_derp                       text3        015A
_i                          bssBANK0     0057
_initPorts                  text2        00F0
_j                          bssBANK0     0058
_main                       maintext     055C
_panasonic                  text1        01AF
_pingNEC                    text7        0119
_pingRC5                    text6        0138
_pingSony                   text5        00FC
_send                       text4        0372
btemp                       (abs)        007E
derp@c                      cstackCOMMON 0078
derp@cAddress               cstackBANK0  002E
derp@cCommand               cstackCOMMON 0077
derp@flip                   cstackCOMMON 0079
derp@i                      cstackBANK0  002F
derp@nDelay                 cstackCOMMON 007A
end_of_initialization       cinit        07FE
intlevel0                   functab      0000
intlevel1                   functab      0000
intlevel2                   functab      0000
intlevel3                   functab      0000
intlevel4                   functab      0000
intlevel5                   functab      0000
ltemp                       (abs)        007E
ltemp0                      (abs)        007E
ltemp1                      (abs)        0082
ltemp2                      (abs)        0086
ltemp3                      (abs)        0080
main@PanasonicDown          cstackBANK0  004A
main@PanasonicDown2         cstackBANK0  004B
main@PanasonicFinal         cstackBANK0  0052
main@PanasonicPower         cstackBANK0  003F
main@PanasonicPower2        cstackBANK0  0040
main@PanasonicTV            cstackBANK0  004E
main@PanasonicTV2           cstackBANK0  004F
main@PanasonicTV3           cstackBANK0  0050
main@PanasonicTV4           cstackBANK0  0051
main@PanasonicUp            cstackBANK0  0037
main@PanasonicUp2           cstackBANK0  0038
main@RC5Down                cstackBANK0  0047
main@RC5Power               cstackBANK0  0048
main@RC5TV                  cstackBANK0  0055
main@RC5Up                  cstackBANK0  0049
main@RelisysDown            cstackBANK0  003D
main@RelisysPower           cstackBANK0  003E
main@RelisysTV              cstackBANK0  004D
main@RelisysUp              cstackBANK0  003C
main@SharpDown              cstackBANK0  0042
main@SharpPower             cstackBANK0  0043
main@SharpTV                cstackBANK0  0053
main@SharpUp                cstackBANK0  0041
main@SonyDown               cstackBANK0  0039
main@SonyPower              cstackBANK0  003A
main@SonyTV                 cstackBANK0  004C
main@SonyUp                 cstackBANK0  003B
main@ToshibaDown            cstackBANK0  0046
main@ToshibaPower           cstackBANK0  0044
main@ToshibaTV              cstackBANK0  0054
main@ToshibaUp              cstackBANK0  0045
main@cflip                  cstackBANK0  0056
panasonic@PanasonicCommand  cstackCOMMON 0075
panasonic@PanasonicCommand2 cstackCOMMON 0076
panasonic@PanasonicFinal    cstackCOMMON 0077
panasonic@PanasonicTV       cstackBANK0  002E
panasonic@PanasonicTV2      cstackCOMMON 0072
panasonic@PanasonicTV3      cstackCOMMON 0073
panasonic@PanasonicTV4      cstackCOMMON 0074
panasonic@i                 cstackBANK0  0020
panasonic@i_80              cstackBANK0  0022
panasonic@i_81              cstackBANK0  0024
panasonic@i_82              cstackBANK0  0026
panasonic@i_83              cstackBANK0  0028
panasonic@i_84              cstackBANK0  002A
panasonic@i_85              cstackBANK0  002C
pingNEC@cPulses             cstackCOMMON 0071
pingRC5@cPulses             cstackCOMMON 0071
pingSony@cPulses            cstackCOMMON 0071
reset_vec                   reset_vec    0000
send@c                      cstackCOMMON 0073
send@cAddress               cstackBANK0  002A
send@cCommand               cstackCOMMON 0072
send@flip                   cstackCOMMON 0074
send@i                      cstackBANK0  0020
send@i_57                   cstackBANK0  0022
send@i_58                   cstackBANK0  0024
send@i_59                   cstackBANK0  0026
send@i_61                   cstackBANK0  0028
send@i_62                   cstackBANK0  0029
stackhi                     (abs)        0000
stacklo                     (abs)        0000
start                       init         0000
start_initialization        cinit        07FA
ttemp                       (abs)        007E
ttemp0                      (abs)        007E
ttemp1                      (abs)        0081
ttemp2                      (abs)        0084
ttemp3                      (abs)        0087
ttemp4                      (abs)        007F
wtemp                       (abs)        007E
wtemp0                      (abs)        007E
wtemp1                      (abs)        0080
wtemp2                      (abs)        0082
wtemp3                      (abs)        0084
wtemp4                      (abs)        0086
wtemp5                      (abs)        0088
wtemp6                      (abs)        007F


FUNCTION INFORMATION:

 *************** function _main *****************
 Defined at:
		line 314 in file "main.c"
 Parameters:    Size  Location     Type
		None
 Auto vars:     Size  Location     Type
  cflip           1   54[BANK0 ] unsigned char 
  RC5TV           1   53[BANK0 ] unsigned char 
  ToshibaTV       1   52[BANK0 ] unsigned char 
  SharpTV         1   51[BANK0 ] unsigned char 
  PanasonicFin    1   50[BANK0 ] unsigned char 
  PanasonicTV4    1   49[BANK0 ] unsigned char 
  PanasonicTV3    1   48[BANK0 ] unsigned char 
  PanasonicTV2    1   47[BANK0 ] unsigned char 
  PanasonicTV     1   46[BANK0 ] unsigned char 
  RelisysTV       1   45[BANK0 ] unsigned char 
  SonyTV          1   44[BANK0 ] unsigned char 
  PanasonicDow    1   43[BANK0 ] unsigned char 
  PanasonicDow    1   42[BANK0 ] unsigned char 
  RC5Up           1   41[BANK0 ] unsigned char 
  RC5Power        1   40[BANK0 ] unsigned char 
  RC5Down         1   39[BANK0 ] unsigned char 
  ToshibaDown     1   38[BANK0 ] unsigned char 
  ToshibaUp       1   37[BANK0 ] unsigned char 
  ToshibaPower    1   36[BANK0 ] unsigned char 
  SharpPower      1   35[BANK0 ] unsigned char 
  SharpDown       1   34[BANK0 ] unsigned char 
  SharpUp         1   33[BANK0 ] unsigned char 
  PanasonicPow    1   32[BANK0 ] unsigned char 
  PanasonicPow    1   31[BANK0 ] unsigned char 
  RelisysPower    1   30[BANK0 ] unsigned char 
  RelisysDown     1   29[BANK0 ] unsigned char 
  RelisysUp       1   28[BANK0 ] unsigned char 
  SonyUp          1   27[BANK0 ] unsigned char 
  SonyPower       1   26[BANK0 ] unsigned char 
  SonyDown        1   25[BANK0 ] unsigned char 
  PanasonicUp2    1   24[BANK0 ] unsigned char 
  PanasonicUp     1   23[BANK0 ] unsigned char 
 Return value:  Size  Location     Type
                  2  144[COMMON] int 
 Registers used:
		wreg, status,2, status,0, btemp+1, pclath, cstack
 Tracked objects:
		On entry : 
		On exit  : 
		Unchanged: 
 Data sizes:     COMMON   BANK0   BANK1
      Params:         0       0       0
      Locals:         0      32       0
      Temps:          0       6       0
      Totals:         0      38       0
Total ram usage:       38 bytes
 Hardware stack levels required when called:    3
 This function calls:
		_derp
		_initPorts
		_panasonic
 This function is called by:
		Startup code after reset
 This function uses a non-reentrant model


 *************** function _panasonic *****************
 Defined at:
		line 230 in file "main.c"
 Parameters:    Size  Location     Type
  PanasonicTV     1    wreg     unsigned char 
  PanasonicTV2    1    2[COMMON] unsigned char 
  PanasonicTV3    1    3[COMMON] unsigned char 
  PanasonicTV4    1    4[COMMON] unsigned char 
  PanasonicCom    1    5[COMMON] unsigned char 
  PanasonicCom    1    6[COMMON] unsigned char 
  PanasonicFin    1    7[COMMON] unsigned char 
 Auto vars:     Size  Location     Type
  PanasonicTV     1   14[BANK0 ] unsigned char 
  i               2   12[BANK0 ] int 
  i               2   10[BANK0 ] int 
  i               2    8[BANK0 ] int 
  i               2    6[BANK0 ] int 
  i               2    4[BANK0 ] int 
  i               2    2[BANK0 ] int 
  i               2    0[BANK0 ] int 
 Return value:  Size  Location     Type
		None               void
 Registers used:
		wreg, status,2, status,0, btemp+1, pclath, cstack
 Tracked objects:
		On entry : 
		On exit  : 
		Unchanged: 
 Data sizes:     COMMON   BANK0   BANK1
      Params:         6       0       0
      Locals:         0      15       0
      Temps:          2       0       0
      Totals:         8      15       0
Total ram usage:       23 bytes
 Hardware stack levels used:    1
 Hardware stack levels required when called:    1
 This function calls:
		_pingSony
 This function is called by:
		_main
 This function uses a non-reentrant model


 *************** function _initPorts *****************
 Defined at:
		line 14 in file "user.c"
 Parameters:    Size  Location     Type
		None
 Auto vars:     Size  Location     Type
		None
 Return value:  Size  Location     Type
		None               void
 Registers used:
		wreg, status,2
 Tracked objects:
		On entry : 
		On exit  : 
		Unchanged: 
 Data sizes:     COMMON   BANK0   BANK1
      Params:         0       0       0
      Locals:         0       0       0
      Temps:          0       0       0
      Totals:         0       0       0
Total ram usage:        0 bytes
 Hardware stack levels used:    1
 This function calls:
		Nothing
 This function is called by:
		_main
 This function uses a non-reentrant model


 *************** function _derp *****************
 Defined at:
		line 215 in file "main.c"
 Parameters:    Size  Location     Type
  cAddress        1    wreg     unsigned char 
  cCommand        1    7[COMMON] unsigned char 
  c               1    8[COMMON] unsigned char 
  flip            1    9[COMMON] unsigned char 
  nDelay          2   10[COMMON] int 
 Auto vars:     Size  Location     Type
  cAddress        1   14[BANK0 ] unsigned char 
  i               2   15[BANK0 ] int 
 Return value:  Size  Location     Type
		None               void
 Registers used:
		wreg, status,2, status,0, btemp+1, pclath, cstack
 Tracked objects:
		On entry : 
		On exit  : 
		Unchanged: 
 Data sizes:     COMMON   BANK0   BANK1
      Params:         5       0       0
      Locals:         0       3       0
      Temps:          0       3       0
      Totals:         5       6       0
Total ram usage:       11 bytes
 Hardware stack levels used:    1
 Hardware stack levels required when called:    2
 This function calls:
		_send
 This function is called by:
		_main
 This function uses a non-reentrant model


 *************** function _send *****************
 Defined at:
		line 97 in file "main.c"
 Parameters:    Size  Location     Type
  cAddress        1    wreg     unsigned char 
  cCommand        1    2[COMMON] unsigned char 
  c               1    3[COMMON] unsigned char 
  flip            1    4[COMMON] unsigned char 
 Auto vars:     Size  Location     Type
  cAddress        1   10[BANK0 ] unsigned char 
  i               1    9[BANK0 ] unsigned char 
  i               1    8[BANK0 ] unsigned char 
  i               2    6[BANK0 ] int 
  i               2    4[BANK0 ] int 
  i               2    2[BANK0 ] int 
  i               2    0[BANK0 ] int 
 Return value:  Size  Location     Type
		None               void
 Registers used:
		wreg, status,2, status,0, btemp+1, pclath, cstack
 Tracked objects:
		On entry : 
		On exit  : 
		Unchanged: 
 Data sizes:     COMMON   BANK0   BANK1
      Params:         3       0       0
      Locals:         0      11       0
      Temps:          2       0       0
      Totals:         5      11       0
Total ram usage:       16 bytes
 Hardware stack levels used:    1
 Hardware stack levels required when called:    1
 This function calls:
		_pingNEC
		_pingRC5
		_pingSony
 This function is called by:
		_derp
 This function uses a non-reentrant model


 *************** function _pingSony *****************
 Defined at:
		line 21 in file "main.c"
 Parameters:    Size  Location     Type
  cPulses         1    wreg     unsigned char 
 Auto vars:     Size  Location     Type
  cPulses         1    1[COMMON] unsigned char 
 Return value:  Size  Location     Type
		None               void
 Registers used:
		wreg, status,2, status,0
 Tracked objects:
		On entry : 
		On exit  : 
		Unchanged: 
 Data sizes:     COMMON   BANK0   BANK1
      Params:         0       0       0
      Locals:         1       0       0
      Temps:          1       0       0
      Totals:         2       0       0
Total ram usage:        2 bytes
 Hardware stack levels used:    1
 This function calls:
		Nothing
 This function is called by:
		_send
		_panasonic
 This function uses a non-reentrant model


 *************** function _pingRC5 *****************
 Defined at:
		line 69 in file "main.c"
 Parameters:    Size  Location     Type
  cPulses         1    wreg     unsigned char 
 Auto vars:     Size  Location     Type
  cPulses         1    1[COMMON] unsigned char 
 Return value:  Size  Location     Type
		None               void
 Registers used:
		wreg, status,2, status,0
 Tracked objects:
		On entry : 
		On exit  : 
		Unchanged: 
 Data sizes:     COMMON   BANK0   BANK1
      Params:         0       0       0
      Locals:         1       0       0
      Temps:          1       0       0
      Totals:         2       0       0
Total ram usage:        2 bytes
 Hardware stack levels used:    1
 This function calls:
		Nothing
 This function is called by:
		_send
 This function uses a non-reentrant model


 *************** function _pingNEC *****************
 Defined at:
		line 44 in file "main.c"
 Parameters:    Size  Location     Type
  cPulses         1    wreg     unsigned char 
 Auto vars:     Size  Location     Type
  cPulses         1    1[COMMON] unsigned char 
 Return value:  Size  Location     Type
		None               void
 Registers used:
		wreg, status,2, status,0
 Tracked objects:
		On entry : 
		On exit  : 
		Unchanged: 
 Data sizes:     COMMON   BANK0   BANK1
      Params:         0       0       0
      Locals:         1       0       0
      Temps:          1       0       0
      Totals:         2       0       0
Total ram usage:        2 bytes
 Hardware stack levels used:    1
 This function calls:
		Nothing
 This function is called by:
		_send
 This function uses a non-reentrant model



MODULE INFORMATION

Module		Function		Class		Link	Load	Size
shared
		__initializatio		CODE           	07FA	0000	4

shared estimated size: 4

user.c
		_initPorts     		CODE           	00F0	0000	12

user.c estimated size: 12

main.c
		_panasonic     		CODE           	01AF	0000	451
		_pingSony      		CODE           	00FC	0000	29
		_main          		CODE           	055C	0000	670
		_pingNEC       		CODE           	0119	0000	31
		_pingRC5       		CODE           	0138	0000	34
		_send          		CODE           	0372	0000	490
		_derp          		CODE           	015A	0000	85

main.c estimated size: 1790

